// Jest Snapshot v1, https://goo.gl/fbAQLP

exports[`Coverage: Table Reporter concatenates many uncovered queries 1`] = `"yellow(param0, param1, param2, param3, param4, param5, param6, param7, param8, param9, param10...)"`;
