// Jest Snapshot v1, https://goo.gl/fbAQLP

exports[`Global teardown logs a warning if no docs could be found 1`] = `"Could not determine OpenAPI coverage as no specification has been provided. See the \`docsPath\` config option or the \`setupOpenApiDocs\` function."`;
